gcc ./src/signals_ex4.c -o ./build/signals_ex4
g++ ./src/std_hex.cpp -o ./build/std_hex
g++ ./src/std_find_string.cpp -o ./build/std_find_string
g++ ./src/std_find.cpp -o ./build/std_find
g++ ./src/dice_unifrom_distribution.cpp -o ./build/dice_unifrom_distribution
g++ ./src/get_current_dir.cpp -o ./build/get_current_dir
g++ ./src/stringstream_ex1.cpp -o ./build/stringstream_ex1
g++ ./src/constexpr_ex.cpp -o ./build/constexpr_ex
g++ ./src/char2string.cpp -o ./build/char2string
g++ ./src/filesystem_current_directory.cpp -o ./build/filesystem_current_directory
g++ ./src/stl_set_difference.cpp -o ./build/stl_set_difference
g++ ./src/strtok.cpp -o ./build/strtok
g++ ./src/regex_search.cpp -o ./build/regex_search
g++ ./src/unique_ptr_example.cpp -o ./build/unique_ptr_example
g++ -Wall -std=c++20 -DDEBUG -ggdb -c ./src/lambda01.cpp -o ./build/lambda01.o
g++ -Wall -std=c++20 -DDEBUG -ggdb ./build/lambda01.o -o ./build/lambda01
